// Jest Snapshot v1, https://goo.gl/fbAQLP

exports[`Missions test renders missions 1`] = `
<table>
  <thead>
    <tr>
      <th>
        Mission
      </th>
      <th>
        Description
      </th>
      <th>
        Status
      </th>
      <th
        aria-label="Empty cell"
      />
    </tr>
  </thead>
  <tbody />
</table>
`;
