// Jest Snapshot v1, https://goo.gl/fbAQLP

exports[`Rockets test renders rockets 1`] = `
<div>
  <div />
</div>
`;
